[14:30:28] [main/FINE] [ConfigService]: Loading C:\Documents\My Games\games\mcproject\mcstatuscheck\HeadlessMC\config.properties
[14:30:28] [main/FINE] [ConfigService]: Reading config file: C:\Documents\My Games\games\mcproject\mcstatuscheck\HeadlessMC\config.properties
[14:30:28] [main/FINE] [ConfigService]: Found 1 config(s), active config: config
[14:30:28] [main/INFO] [Main]: Detected: OS(name=Windows 11, type=WINDOWS, version=10.0, architecture=AMD64, b64=true)
[14:30:28] [main/INFO] [Main]: Minecraft Dir: io.github.headlesshq.headlessmc.launcher.files.FileManager@7bb58ca3
[14:30:28] [main/FINE] [VersionService]: Reading C:\Users\Danie\AppData\Roaming\.minecraft\versions\1.20.1\1.20.1.json
[14:30:28] [main/FINE] [VersionService]: Reading C:\Users\Danie\AppData\Roaming\.minecraft\versions\1.21.10\1.21.10.json
[14:30:29] [main/FINE] [VersionService]: Reading C:\Users\Danie\AppData\Roaming\.minecraft\versions\1.21.11\1.21.11.json
[14:30:29] [main/FINE] [VersionService]: Reading C:\Users\Danie\AppData\Roaming\.minecraft\versions\1.21.4\1.21.4.json
[14:30:29] [main/FINE] [VersionService]: Reading C:\Users\Danie\AppData\Roaming\.minecraft\versions\1.21.5\1.21.5.json
[14:30:29] [main/FINE] [VersionService]: Reading C:\Users\Danie\AppData\Roaming\.minecraft\versions\1.21.8\1.21.8.json
[14:30:29] [main/FINE] [VersionService]: Reading C:\Users\Danie\AppData\Roaming\.minecraft\versions\16w44a\16w44a.json
[14:30:29] [main/FINE] [VersionService]: Reading C:\Users\Danie\AppData\Roaming\.minecraft\versions\25w04a\25w04a.json
[14:30:29] [main/FINE] [VersionService]: Reading C:\Users\Danie\AppData\Roaming\.minecraft\versions\25w07a\25w07a.json
[14:30:29] [main/FINE] [VersionService]: Reading C:\Users\Danie\AppData\Roaming\.minecraft\versions\25w19a\25w19a.json
[14:30:29] [main/FINE] [VersionService]: Reading C:\Users\Danie\AppData\Roaming\.minecraft\versions\25w31a\25w31a.json
[14:30:29] [main/FINE] [VersionService]: Reading C:\Users\Danie\AppData\Roaming\.minecraft\versions\25w42a\25w42a.json
[14:30:29] [main/FINE] [VersionService]: Reading C:\Users\Danie\AppData\Roaming\.minecraft\versions\25w45a\25w45a.json
[14:30:29] [main/FINE] [VersionService]: Reading C:\Users\Danie\AppData\Roaming\.minecraft\versions\26.1\26.1.json
[14:30:29] [main/FINE] [VersionService]: Reading C:\Users\Danie\AppData\Roaming\.minecraft\versions\26.1-pre-1\26.1-pre-1.json
[14:30:29] [main/FINE] [VersionService]: Reading C:\Users\Danie\AppData\Roaming\.minecraft\versions\26.1-snapshot-9\26.1-snapshot-9.json
[14:30:29] [main/FINE] [VersionService]: Reading C:\Users\Danie\AppData\Roaming\.minecraft\versions\fabric-loader-0.18.5-1.20.1\fabric-loader-0.18.5-1.20.1.json
[14:30:29] [main/FINE] [VersionService]: Reading C:\Users\Danie\AppData\Roaming\.minecraft\versions\fabric-loader-0.18.5-1.21.11\fabric-loader-0.18.5-1.21.11.json
[14:30:29] [main/FINE] [VersionService]: Reading C:\Users\Danie\AppData\Roaming\.minecraft\versions\iris-fabric-loader-0.18.4-1.20.1\iris-fabric-loader-0.18.4-1.20.1.json
[14:30:29] [main/FINE] [VersionService]: Version refresh took 513.3746ms.
[14:30:29] [main/INFO] [JLineCommandLineReader]: JLine Terminal type: windows-vtp, name: JLine terminal (NativeWinSysTerminal[name='JLine terminal', type='windows-vtp', size='Size[cols=120, rows=30]'])
[14:30:29] [main/FINE] [JLineCommandLineReader]: JLine terminal took 530.8824ms to get ready.
